{
  "pageOne": {
    "Items": [
      {
        "Id": 1,
        "Message": "Mock comment one",
        "CreatedAt": "0001-01-01T00:00:00",
        "Author": {
          "Name": "Liam Hale",
          "Username": "liam"
        }
      },
      {
        "Id": 2,
        "Message": "Mock comment two",
        "CreatedAt": "0001-01-01T00:00:00",
        "Author": {
          "Name": "Liam Hale",
          "Username": "liam"
        }
      },
      {
        "Id": 3,
        "Message": "Mock comment three",
        "CreatedAt": "0001-01-01T00:00:00",
        "Author": {
          "Name": "Peter Gray",
          "Username": "peter"
        }
      }
    ],
    "PageNumber": 1,
    "TotalPages": 2,
    "TotalCount": 4,
    "HasPreviousPage": false,
    "HasNextPage": true
  },
  "pageTwo": {
    "Items": [
      {
        "Id": 4,
        "Message": "Mock comment four",
        "CreatedAt": "0001-01-01T00:00:00",
        "Author": {
          "Name": "Peter Gray",
          "Username": "peter"
        }
      }
    ],
    "PageNumber": 2,
    "TotalPages": 2,
    "TotalCount": 4,
    "HasPreviousPage": true,
    "HasNextPage": false
  }
}
