{
  "Id": 3,
  "Slug": "test-post-title",
  "Title": "Test post title",
  "Body": "Test post body",
  "CreatedAt": "2022-03-18T11:31:43.16154Z",
  "UpdatedAt": "2022-03-18T11:31:43.16154Z",
  "AuthorId": 1,
  "Author": {
    "Id": 1,
    "Name": "Liam Hale",
    "Username": "liam",
    "Email": "liam.hale@test.com",
    "Hash": "AAAAAAAAAAAAAAAAAAAAAAAAAAAAAAAAAAAAAAAAAAAAAAAAAAAAAAAAAAAAAAAAAAAAAAAAAAAAAAAAAAAAAA==",
    "Salt": "AAAAAAAAAAAAAAAAAAAAAAAAAAAAAAAAAAAAAAAAAAAAAAAAAAAAAAAAAAAAAAAAAAAAAAAAAAAAAAAAAAAAAA==",
    "Comments": null,
    "Following": null,
    "Followers": null,
    "Likes": null,
    "Posts": []
  },
  "Comments": [],
  "Likes": [],
  "PostTags": [
    {
      "PostId": 3,
      "TagId": "test",
      "Tag": null
    }
  ]
}
